1/123 passed applications_v7/concrete_slump/answers.ipynb
2/123 passed applications_v7/seeds/answers.ipynb
3/123 passed applications_v7/concrete_slump/lab.ipynb
4/123 passed applications_v7/seeds/lab.ipynb
5/123 passed consolidation/00_lab.ipynb
6/123 passed consolidation/01_lab.ipynb
7/123 passed consolidation/02_lab.ipynb
8/123 passed consolidation/04_lab.ipynb
9/123 passed consolidation/03_lab.ipynb
10/123 passed consolidation/05_lab.ipynb
11/123 passed consolidation/07_lab.ipynb
12/123 passed consolidation/06_lab.ipynb
13/123 passed consolidation/09_lab.ipynb
14/123 passed consolidation/08_lab.ipynb
15/123 passed consolidation/10_lab.ipynb
16/123 passed consolidation/14_lab.ipynb
17/123 passed consolidation/11_lab.ipynb
18/123 passed consolidation/13_lab.ipynb
19/123 passed consolidation/15_lab.ipynb
20/123 passed consolidation/16_lab.ipynb
21/123 passed consolidation/17_lab.ipynb
22/123 passed consolidation/18_lab.ipynb
23/123 passed consolidation/19_lab.ipynb
24/123 passed notebooks/11_lab.ipynb
25/123 passed industry/answers/co2.ipynb
26/123 passed industry/answers/elnino.ipynb
27/123 passed industry/answers/modechoice.ipynb
28/123 passed industry/answers/grunfeld.ipynb
29/123 passed industry/answers/nile.ipynb
30/123 passed industry/answers/wine.ipynb
31/123 passed industry/answers/stackloss.ipynb
32/123 passed industry/answers/wdbc.ipynb
33/123 passed industry/notebooks/co2.ipynb
34/123 passed notebooks/12_lab.ipynb
35/123 passed industry/notebooks/elnino.ipynb
36/123 passed industry/notebooks/grunfeld.ipynb
37/123 passed consolidation/12_lab.ipynb
38/123 passed industry/notebooks/modechoice.ipynb
39/123 passed consolidation/20_lab.ipynb
40/123 passed industry/notebooks/nile.ipynb
41/123 passed industry/notebooks/stackloss.ipynb
42/123 passed methods_v7/claims/lab.ipynb
43/123 passed methods_v7/claims/answers.ipynb
44/123 passed industry/notebooks/wine.ipynb
45/123 passed industry/notebooks/wdbc.ipynb
46/123 passed methods_v7/leakage/answers.ipynb
47/123 passed notebooks/00_lab.ipynb
48/123 passed notebooks/01_lab.ipynb
49/123 passed methods_v7/leakage/lab.ipynb
50/123 passed notebooks/03_lab.ipynb
51/123 passed notebooks/05_lab.ipynb
52/123 passed notebooks/02_lab.ipynb
53/123 passed notebooks/04_lab.ipynb
54/123 passed notebooks/07_lab.ipynb
55/123 passed notebooks/06_lab.ipynb
56/123 passed notebooks/09_lab.ipynb
57/123 passed notebooks/08_lab.ipynb
58/123 passed notebooks/14_lab.ipynb
59/123 passed notebooks/10_lab.ipynb
60/123 passed notebooks/13_lab.ipynb
61/123 passed notebooks/17_lab.ipynb
62/123 passed notebooks/18_lab.ipynb
63/123 passed notebooks/15_lab.ipynb
64/123 passed notebooks/16_lab.ipynb
65/123 passed notebooks/19_lab.ipynb
66/123 passed physics/notebooks/21_lab.ipynb
67/123 passed physics/notebooks/22_lab.ipynb
68/123 passed physics/notebooks/24_lab.ipynb
69/123 passed notebooks/20_lab.ipynb
70/123 passed physics/notebooks/25_lab.ipynb
71/123 passed physics/notebooks/27_lab.ipynb
72/123 passed physics/notebooks/23_lab.ipynb
73/123 passed physics/practice/answers/21_practice.ipynb
74/123 passed physics/notebooks/26_lab.ipynb
75/123 passed physics/practice/answers/22_practice.ipynb
76/123 passed physics/practice/answers/23_practice.ipynb
77/123 passed physics/notebooks/28_lab.ipynb
78/123 passed physics/practice/answers/24_practice.ipynb
79/123 passed physics/practice/answers/25_practice.ipynb
80/123 passed physics/notebooks/29_lab.ipynb
81/123 passed physics/practice/answers/26_practice.ipynb
82/123 passed physics/practice/answers/27_practice.ipynb
83/123 passed physics/practice/answers/28_practice.ipynb
84/123 passed physics/notebooks/30_lab.ipynb
85/123 passed physics/practice/answers/29_practice.ipynb
86/123 passed practice/answers/00_practice.ipynb
87/123 passed physics/practice/answers/30_practice.ipynb
88/123 passed practice/answers/01_practice.ipynb
89/123 passed practice/answers/03_practice.ipynb
90/123 passed practice/answers/02_practice.ipynb
91/123 passed practice/answers/04_practice.ipynb
92/123 passed practice/answers/06_practice.ipynb
93/123 passed practice/answers/05_practice.ipynb
94/123 passed practice/answers/07_practice.ipynb
95/123 passed practice/answers/08_practice.ipynb
96/123 passed practice/answers/09_practice.ipynb
97/123 passed practice/answers/10_practice.ipynb
98/123 passed practice/answers/11_practice.ipynb
99/123 passed practice/answers/12_practice.ipynb
100/123 passed practice/answers/14_practice.ipynb
101/123 passed practice/answers/13_practice.ipynb
102/123 passed practice/answers/16_practice.ipynb
103/123 passed practice/answers/15_practice.ipynb
104/123 passed practice/answers/17_practice.ipynb
105/123 passed practice/answers/18_practice.ipynb
106/123 passed practice/answers/19_practice.ipynb
107/123 passed practice/answers/20_practice.ipynb
108/123 passed sports_v8/notebooks/S00.ipynb
109/123 passed sports_v8/notebooks/S01.ipynb
110/123 passed sports_v8/notebooks/S02.ipynb
111/123 passed sports_v8/notebooks/S03.ipynb
112/123 passed sports_v8/notebooks/S05.ipynb
113/123 passed sports_v8/notebooks/S04.ipynb
114/123 passed sports_v8/notebooks/S06.ipynb
115/123 passed sports_v8/solutions/S00.ipynb
116/123 passed sports_v8/solutions/S01.ipynb
117/123 passed sports_v8/solutions/S02.ipynb
118/123 passed sports_v8/solutions/S03.ipynb
119/123 passed sports_v8/solutions/S04.ipynb
120/123 passed sports_v9/notebooks/acb_readiness.ipynb
121/123 passed sports_v9/solutions/acb_readiness.ipynb
122/123 passed sports_v8/solutions/S05.ipynb
123/123 passed sports_v8/solutions/S06.ipynb
