FF                                                                       [100%]
=================================== FAILURES ===================================
________________________ test_deployment_module_exists _________________________

    def test_deployment_module_exists():
>       assert importlib.util.find_spec('shape_lab.deployment') is not None
E       AssertionError: assert None is not None
E        +  where None = <function find_spec at 0x7f297de9bb00>('shape_lab.deployment')
E        +    where <function find_spec at 0x7f297de9bb00> = <module 'importlib.util' (frozen)>.find_spec
E        +      where <module 'importlib.util' (frozen)> = importlib.util

tests/test_deploy_v11.py:9: AssertionError
__________________________ test_server_module_exists ___________________________

    def test_server_module_exists():
>       assert importlib.util.find_spec('shape_lab.safe_server') is not None
E       AssertionError: assert None is not None
E        +  where None = <function find_spec at 0x7f297de9bb00>('shape_lab.safe_server')
E        +    where <function find_spec at 0x7f297de9bb00> = <module 'importlib.util' (frozen)>.find_spec
E        +      where <module 'importlib.util' (frozen)> = importlib.util

tests/test_deploy_v11.py:47: AssertionError
=========================== short test summary info ============================
FAILED tests/test_deploy_v11.py::test_deployment_module_exists - AssertionError: assert None is not None
 +  where None = <function find_spec at 0x7f297de9bb00>('shape_lab.deployment')
 +    where <function find_spec at 0x7f297de9bb00> = <module 'importlib.util' (frozen)>.find_spec
 +      where <module 'importlib.util' (frozen)> = importlib.util
FAILED tests/test_deploy_v11.py::test_server_module_exists - AssertionError: assert None is not None
 +  where None = <function find_spec at 0x7f297de9bb00>('shape_lab.safe_server')
 +    where <function find_spec at 0x7f297de9bb00> = <module 'importlib.util' (frozen)>.find_spec
 +      where <module 'importlib.util' (frozen)> = importlib.util
2 failed in 0.10s
