1/133 passed applications_v7/concrete_slump/answers.ipynb
2/133 passed applications_v7/concrete_slump/lab.ipynb
3/133 passed applications_v7/seeds/answers.ipynb
4/133 passed consolidation/00_lab.ipynb
5/133 passed applications_v7/seeds/lab.ipynb
6/133 passed consolidation/02_lab.ipynb
7/133 passed consolidation/01_lab.ipynb
8/133 passed consolidation/03_lab.ipynb
9/133 passed consolidation/04_lab.ipynb
10/133 passed consolidation/05_lab.ipynb
11/133 passed consolidation/06_lab.ipynb
12/133 passed consolidation/07_lab.ipynb
13/133 passed consolidation/08_lab.ipynb
14/133 passed consolidation/09_lab.ipynb
15/133 passed consolidation/10_lab.ipynb
16/133 passed consolidation/11_lab.ipynb
17/133 passed consolidation/13_lab.ipynb
18/133 passed consolidation/14_lab.ipynb
19/133 passed notebooks/11_lab.ipynb
20/133 passed consolidation/15_lab.ipynb
21/133 passed consolidation/16_lab.ipynb
22/133 passed consolidation/17_lab.ipynb
23/133 passed notebooks/12_lab.ipynb
24/133 passed consolidation/18_lab.ipynb
25/133 passed consolidation/12_lab.ipynb
26/133 passed consolidation/19_lab.ipynb
27/133 passed consolidation/20_lab.ipynb
28/133 passed industry/answers/co2.ipynb
29/133 passed industry/answers/elnino.ipynb
30/133 passed industry/answers/grunfeld.ipynb
31/133 passed industry/answers/modechoice.ipynb
32/133 passed industry/answers/nile.ipynb
33/133 passed industry/answers/stackloss.ipynb
34/133 passed industry/answers/wdbc.ipynb
35/133 passed industry/answers/wine.ipynb
36/133 passed industry/notebooks/co2.ipynb
37/133 passed industry/notebooks/elnino.ipynb
38/133 passed industry/notebooks/grunfeld.ipynb
39/133 passed industry/notebooks/modechoice.ipynb
40/133 passed industry/notebooks/nile.ipynb
41/133 passed industry/notebooks/stackloss.ipynb
42/133 passed industry/notebooks/wdbc.ipynb
43/133 passed industry/notebooks/wine.ipynb
44/133 passed methods_v7/claims/answers.ipynb
45/133 passed methods_v7/claims/lab.ipynb
46/133 passed methods_v7/leakage/answers.ipynb
47/133 passed notebooks/00_lab.ipynb
48/133 passed methods_v7/leakage/lab.ipynb
49/133 passed notebooks/01_lab.ipynb
50/133 passed notebooks/02_lab.ipynb
51/133 passed notebooks/03_lab.ipynb
52/133 passed notebooks/05_lab.ipynb
53/133 passed notebooks/04_lab.ipynb
54/133 passed notebooks/06_lab.ipynb
55/133 passed notebooks/07_lab.ipynb
56/133 passed notebooks/08_lab.ipynb
57/133 passed notebooks/09_lab.ipynb
58/133 passed notebooks/10_lab.ipynb
59/133 passed notebooks/13_lab.ipynb
60/133 passed notebooks/14_lab.ipynb
61/133 passed notebooks/15_lab.ipynb
62/133 passed notebooks/16_lab.ipynb
63/133 passed notebooks/18_lab.ipynb
64/133 passed notebooks/17_lab.ipynb
65/133 passed notebooks/19_lab.ipynb
66/133 passed physics/notebooks/21_lab.ipynb
67/133 passed notebooks/20_lab.ipynb
68/133 passed physics/notebooks/22_lab.ipynb
69/133 passed physics/notebooks/24_lab.ipynb
70/133 passed physics/notebooks/25_lab.ipynb
71/133 passed physics/notebooks/23_lab.ipynb
72/133 passed physics/notebooks/27_lab.ipynb
73/133 passed physics/notebooks/26_lab.ipynb
74/133 passed physics/notebooks/28_lab.ipynb
75/133 passed physics/practice/answers/21_practice.ipynb
76/133 passed physics/notebooks/29_lab.ipynb
77/133 passed physics/practice/answers/22_practice.ipynb
78/133 passed physics/notebooks/30_lab.ipynb
79/133 passed physics/practice/answers/23_practice.ipynb
80/133 passed physics/practice/answers/25_practice.ipynb
81/133 passed physics/practice/answers/24_practice.ipynb
82/133 passed physics/practice/answers/26_practice.ipynb
83/133 passed physics/practice/answers/27_practice.ipynb
84/133 passed physics/practice/answers/29_practice.ipynb
85/133 passed physics/practice/answers/28_practice.ipynb
86/133 passed physics/practice/answers/30_practice.ipynb
87/133 passed practice/answers/00_practice.ipynb
88/133 passed practice/answers/01_practice.ipynb
89/133 passed practice/answers/03_practice.ipynb
90/133 passed practice/answers/02_practice.ipynb
91/133 passed practice/answers/04_practice.ipynb
92/133 passed practice/answers/05_practice.ipynb
93/133 passed practice/answers/06_practice.ipynb
94/133 passed practice/answers/07_practice.ipynb
95/133 passed practice/answers/08_practice.ipynb
96/133 passed practice/answers/09_practice.ipynb
97/133 passed practice/answers/11_practice.ipynb
98/133 passed practice/answers/10_practice.ipynb
99/133 passed practice/answers/12_practice.ipynb
100/133 passed practice/answers/13_practice.ipynb
101/133 passed practice/answers/14_practice.ipynb
102/133 passed practice/answers/15_practice.ipynb
103/133 passed practice/answers/16_practice.ipynb
104/133 passed practice/answers/17_practice.ipynb
105/133 passed practice/answers/18_practice.ipynb
106/133 passed practice/answers/19_practice.ipynb
107/133 passed practice/answers/20_practice.ipynb
108/133 passed sports_v8/notebooks/S00.ipynb
109/133 passed sports_v8/notebooks/S01.ipynb
110/133 passed sports_v8/notebooks/S02.ipynb
111/133 passed sports_v8/notebooks/S03.ipynb
112/133 passed sports_v8/notebooks/S04.ipynb
113/133 passed sports_v8/notebooks/S05.ipynb
114/133 passed sports_v8/notebooks/S06.ipynb
115/133 passed sports_v8/solutions/S00.ipynb
116/133 passed sports_v8/solutions/S01.ipynb
117/133 passed sports_v8/solutions/S02.ipynb
118/133 passed sports_v8/solutions/S04.ipynb
119/133 passed sports_v8/solutions/S03.ipynb
120/133 passed sports_v8/solutions/S05.ipynb
121/133 passed sports_v8/solutions/S06.ipynb
122/133 passed sports_v9/notebooks/acb_readiness.ipynb
123/133 passed sports_v9/solutions/acb_readiness.ipynb
124/133 passed representations/notebooks/r01.ipynb
125/133 passed representations/answers/r01.ipynb
126/133 passed representations/answers/r02.ipynb
127/133 passed representations/notebooks/r02.ipynb
128/133 passed representations/answers/r03.ipynb
129/133 passed representations/notebooks/r03.ipynb
130/133 passed representations/answers/r04.ipynb
131/133 passed representations/answers/r05.ipynb
132/133 passed representations/notebooks/r04.ipynb
133/133 passed representations/notebooks/r05.ipynb
{
  "passed": 133,
  "failed": 0,
  "source_inputs_unchanged": true,
  "report": "/mnt/data/v11_evidence/all_references01/execution.json"
}
